B123456
  ==========================================
  |                                          |
  |     L e s t r a   O S                    |
  |                                          |
  |     by Lee Muriihi Kingori               |
  |     lestramk.org  (c) 2026               |
  |     Version 1.0.0-alpha                  |
  |                                          |
  ==========================================

Initializing Lestra OS kernel...
Boot module: addr=0x1ece000-0x1ee5050 (size=94288) string='initrd'
Memory map: 9 entries
Memory: Lower=639KB, Upper=260988KB
Initializing GDT...
security: SMEP=ENABLED SMAP=ENABLED (CR4 bits flipped)
Initializing IDT...
Initializing PIC...
Initializing memory management...
PMM: 255 MB total, 255 MB usable
VMM initialized
PMM: reserved region 0x10000000 - 0x30000000 (512 MB)
Heap initialized at 0x10000000 (size: 512 MB)
PMM: refcount array at 0x2b5000, size 256 KB (65503 entries)
sched: initialized (max 32 processes, real context_switch)
Syscall interface initialized (SYSCALL/SYSRET)
VFS: initialized (memfs, max 64 files, root dir at idx 0)
Loading initrd from 0x0x1ece000 (size=94288 bytes)
initrd:   /init (28168 bytes)
initrd:   /shell (37680 bytes)
initrd:   /sysinfo (28232 bytes)
initrd: loaded 3 files
No rootfs.tar module — running with initrd only
Memory: Total=255 MB, Used=2 MB, Free=253 MB
Heap: Used=0 KB
Initializing timer (1000 Hz)...
csprng: WARNING — RDRAND unavailable, using INSECURE TSC fallback
csprng: initialized (TSC fallback)
Initializing keyboard...
Initializing package manager...
lestra-pkg: package manager initialized (110 packages, 5 repos)
Initializing AI subsystem...
AI subsystem initialized (7 tools registered)
Scanning PCI bus...
pci: bus 0 scan found 6 device(s)
pci: 0:0.0 8086:29c0 [Bridge] 
pci: 0:1.0 1234:1111 [Display controller] 
pci: 0:2.0 10ec:8139 [Network controller] 
pci: 0:1f.0 8086:2918 [Bridge] 
pci: 0:1f.2 8086:2922 [Storage controller] 
pci: 0:1f.3 8086:2930 [Serial bus controller] 
Initializing network stack...
net: initializing network stack
virtio_net: no VirtIO-net device found
e1000: no Intel NIC found in PCI bus 0
rtl8139: found at IO base 0xc000 (PCI 0:2.0)
rtl8139: MAC 52:54:0:12:34:56
rtl8139: initialized (IO base 0xc000, 64 KB RX buffer)
rtl8139: diag CR=0xd RCR=0x3bc ISR=0x0 CAPR=0xfff0 RBSTART=0xba9980
net: using RTL8139 driver
firewall: initialized (default policy: accept in/accept out)
DHCP: starting (xid=0x12345678)
IPv6: link-local address configured
rtl8139: TX[0] len=64 tsd=0xa040 ok=1 isr=0x4
IPv6: sent Router Solicitation
Initializing disk subsystem...
ahci: ABAR = 0xfebd2000
ahci: version 0x10000, PI=0x3f
ahci: port 2 has device (SSTS=0x113, SIG=0xffffffff)
ahci: no SATA drive found
Initializing audio subsystem...
ac97: no AC97 controller found
Initializing RTC...
rtc: initialising CMOS RTC (ports 0x70/0x71)
rtc: mode = BCD / 24-hour
rtc: current time 1970-1-1 0:0:0
rtc: unix time = 0
Initializing power management...
battery: scanning PCI for ACPI / battery devices...
battery: ACPI-capable ISA bridge at PCI 0:31:0 (vendor=8086 device=2918)
battery: ACPI PM device present, ACPI mode available
battery: initialised (Full, 100%, charging=0)
temp: initialising thermal sensors
temp: CPU vendor = Unknown
temp: unknown CPU, MSR returned 0 (no thermal sensor)
temp: using simulated readings (CPU=45°C)
temp: using simulated readings (CPU=45°C, GPU=42°C)
Initializing WiFi framework...
wifi: initialising WLAN framework (802.11 mgmt frames + WPA2)
wifi: no network hardware — WiFi unavailable
wifi: ready
Initializing cron daemon...
cron: initialising (max 16 tasks)
cron: ready
Initializing service manager...
service: registered 'net' (Network stack (E1000 + DHCP))
service: registered 'shell' (Kernel shell (lsh))
service: registered 'ssh' (SSH-like remote shell (port 2222))
service: registered 'sandbox-server' (Sandbox HTTP server)
service: initialized (16 built-in services)
Initializing sandbox subsystem...
sandbox: initialising (max 2 sandboxes)
sandbox: ready
Enabling interrupts...

=== SECURITY AUDIT ===
  SMEP:           ENABLED (CR4.SMEP)
  SMAP:           ENABLED (CR4.SMAP)
  NX:             ENABLED (EFER.NXE)
  ASLR:           ENABLED (stack+12 bits, brk+8 bits, TSC-CSPRNG)
  Stack canaries: ENABLED (-fstack-protector-strong)
  kptr_restrict:  1
  KASLR-lite:     DISABLED (pending)
======================
Network: acquiring IP via DHCP (background)...

Lestra OS kernel initialized successfully!
Type 'help' for available commands.

Boot cmdline: 'gui'
Initializing GUI...
fb: 1024x768@32bpp pitch=4096 addr=0xfd000000 type=1
fb: double-buffer ready (3072 KB back buffer)
GUI: framebuffer OK, starting compositor
splash: starting animation
DHCP: sending DISCOVER (try 1)
rtl8139: TX[1] len=594 tsd=0xa252 ok=1 isr=0x5
rtl8139: RX pkt[0] flags=0x2001 raw_len=594 capr=0
DHCP: OFFER ip=10.0.2.15 from server 10.0.2.2
DHCP: sending REQUEST for 10.0.2.15 (try 1)
rtl8139: TX[2] len=594 tsd=0xa252 ok=1 isr=0x5
DHCP: sending REQUEST for 10.0.2.15 (try 2)
splash: done
mouse: initializing PS/2 mouse driver
mouse: reset response: ACK=0xfa, self-test=0xaa, ID=0x0
mouse: PS/2 mouse initialized (IRQ12), cursor at (512,384)
input: subsystem initialized (mouse callback + keyboard hook)
top_bar: initialized (animated, STT-ready)
app_grid: initialized (16 icons, all clickable)
userspace_boot: attempting PID 1 (/init)
userspace_boot: /init is static — elf_exec
elf: loaded 28168 bytes from /init
elf: entry=0x401000, phnum=6
elf: PT_LOAD vaddr=0x400000 filesz=400 memsz=400
elf: PT_LOAD vaddr=0x401000 filesz=11416 memsz=11416
elf: PT_LOAD vaddr=0x404000 filesz=4316 memsz=4316
elf: PT_LOAD vaddr=0x406fe8 filesz=28 memsz=1048952
elf: jumping to userspace
