qemu-system-x86_64: terminating on signal 15 from pid 9143 (timeout)
                               |
  |     L e s t r a   O S                    |
  |                                          |
  |     by Lee Muriihi Kingori               |
  |     lestramk.org  (c) 2026               |
  |     Version 1.0.0-alpha                  |
  |                                          |
  ==========================================

Initializing Lestra OS kernel...
Boot module: addr=0x1ece000-0x1ee5050 (size=94288) string='initrd'
Memory map: 7 entries
Memory: Lower=639KB, Upper=260992KB
Initializing GDT...
security: SMEP=ENABLED SMAP=ENABLED (CR4 bits flipped)
Initializing IDT...
Initializing PIC...
Initializing memory management...
PMM: 255 MB total, 255 MB usable
VMM initialized
PMM: reserved region 0x10000000 - 0x30000000 (512 MB)
Heap initialized at 0x10000000 (size: 512 MB)
PMM: refcount array at 0x2b5000, size 256 KB (65504 entries)
sched: initialized (max 32 processes, real context_switch)
Syscall interface initialized (SYSCALL/SYSRET)
VFS: initialized (memfs, max 64 files, root dir at idx 0)
Loading initrd from 0x0x1ece000 (size=94288 bytes)
initrd:   /init (28168 bytes)
initrd:   /shell (37680 bytes)
initrd:   /sysinfo (28232 bytes)
initrd: loaded 3 files
No rootfs.tar module — running with initrd only
Memory: Total=255 MB, Used=2 MB, Free=253 MB
Heap: Used=0 KB
Initializing timer (1000 Hz)...
csprng: WARNING — RDRAND unavailable, using INSECURE TSC fallback
csprng: initialized (TSC fallback)
Initializing keyboard...
Initializing package manager...
lestra-pkg: package manager initialized (110 packages, 5 repos)
Initializing AI subsystem...
AI subsystem initialized (7 tools registered)
Scanning PCI bus...
pci: bus 0 scan found 6 device(s)
pci: 0:0.0 8086:1237 [Bridge] 
pci: 0:1.0 8086:7000 [Bridge] 
pci: 0:1.1 8086:7010 [Storage controller] 
pci: 0:1.3 8086:7113 [Bridge] 
pci: 0:2.0 1234:1111 [Display controller] 
pci: 0:3.0 8086:100e [Network controller] 
Initializing network stack...
net: initializing network stack
virtio_net: no VirtIO-net device found
e1000: found at PCI 00:3.0, MMIO=0xfebc0000
e1000: MAC a4:a8:0:24:68:ac
e1000: link up (driver initialized, RX/TX rings 16/16 entries, STATUS=0x80080783)
net: using E1000 driver
firewall: initialized (default policy: accept in/accept out)
DHCP: starting (xid=0x12345678)
IPv6: link-local address configured
IPv6: sent Router Solicitation
Initializing disk subsystem...
ahci: no AHCI HBA found
Initializing audio subsystem...
ac97: no AC97 controller found
Initializing RTC...
rtc: initialising CMOS RTC (ports 0x70/0x71)
rtc: mode = BCD / 24-hour
rtc: current time 1970-1-1 0:0:0
rtc: unix time = 0
Initializing power management...
battery: scanning PCI for ACPI / battery devices...
battery: Intel PIIX4 ACPI PM at PCI 0:1:0
battery: ACPI PM device present, ACPI mode available
battery: initialised (Full, 100%, charging=0)
temp: initialising thermal sensors
temp: CPU vendor = Unknown
temp: unknown CPU, MSR returned 0 (no thermal sensor)
temp: using simulated readings (CPU=45°C)
temp: using simulated readings (CPU=45°C, GPU=42°C)
Initializing WiFi framework...
wifi: initialising WLAN framework (802.11 mgmt frames + WPA2)
wifi: NIC present, probes ethertype 0x88B4, EAPOL 0x888E
wifi: ready
Initializing cron daemon...
cron: initialising (max 16 tasks)
cron: ready
Initializing service manager...
service: registered 'net' (Network stack (E1000 + DHCP))
service: registered 'shell' (Kernel shell (lsh))
service: registered 'ssh' (SSH-like remote shell (port 2222))
service: registered 'sandbox-server' (Sandbox HTTP server)
service: initialized (16 built-in services)
Initializing sandbox subsystem...
sandbox: initialising (max 2 sandboxes)
sandbox: ready
Enabling interrupts...

=== SECURITY AUDIT ===
  SMEP:           ENABLED (CR4.SMEP)
  SMAP:           ENABLED (CR4.SMAP)
  NX:             ENABLED (EFER.NXE)
  ASLR:           ENABLED (stack+12 bits, brk+8 bits, TSC-CSPRNG)
  Stack canaries: ENABLED (-fstack-protector-strong)
  kptr_restrict:  1
  KASLR-lite:     DISABLED (pending)
======================
Network: acquiring IP via DHCP (background)...

Lestra OS kernel initialized successfully!
Type 'help' for available commands.

Boot cmdline: 'gui'
Initializing GUI...
fb: 1024x768@32bpp pitch=4096 addr=0xfd000000 type=1
fb: double-buffer ready (3072 KB back buffer)
GUI: framebuffer OK, starting compositor
splash: starting animation
DHCP: sending DISCOVER (try 1)
DHCP: OFFER ip=10.0.2.15 from server 10.0.2.2
DHCP: sending REQUEST for 10.0.2.15 (try 1)
DHCP: ACK - configured ip=10.0.2.15 mask=255.255.255.0 gw=10.0.2.2 dns=10.0.2.3
